// Jest Snapshot v1, https://goo.gl/fbAQLP

exports[`deriveProgress snapshot — aries · 7 marked · todayIdx 7 1`] = `
{
  "elementsLit": 7,
  "extraLit": 0,
  "fieldStars": [
    {
      "x": 0.2442426510088535,
      "y": 0.831465050607676,
    },
    {
      "x": 0.4396101857988174,
      "y": 0.1548034619858919,
    },
    {
      "x": 0.18713412552087902,
      "y": 0.2997258669344228,
    },
    {
      "x": 0.9137909498456338,
      "y": 0.09734713947757881,
    },
    {
      "x": 0.3354929220652502,
      "y": 0.847762152652167,
    },
    {
      "x": 0.6133194462348341,
      "y": 0.2273752100549882,
    },
    {
      "x": 0.8510746476610074,
      "y": 0.5061448980044497,
    },
    {
      "x": 0.09278704783343528,
      "y": 0.5511338699176667,
    },
    {
      "x": 0.33092717854821785,
      "y": 0.6857601002749107,
    },
    {
      "x": 0.8742438967512589,
      "y": 0.9012827483673147,
    },
    {
      "x": 0.10974809033573393,
      "y": 0.46852044611776367,
    },
    {
      "x": 0.45515935087765685,
      "y": 0.14548720434880125,
    },
    {
      "x": 0.06395908916832013,
      "y": 0.42772920556707505,
    },
    {
      "x": 0.8798052804186773,
      "y": 0.8200386760949185,
    },
    {
      "x": 0.7881208163917655,
      "y": 0.16220924408069548,
    },
    {
      "x": 0.5522698103372294,
      "y": 0.8454472409523259,
    },
    {
      "x": 0.7108940576483291,
      "y": 0.8272447550353081,
    },
  ],
  "figureComplete": false,
  "figureCount": 11,
  "intensity": 0,
  "isComplete": false,
  "sequence": [
    {
      "idx": 0,
      "type": "star",
    },
    {
      "idx": 1,
      "type": "star",
    },
    {
      "idx": 0,
      "type": "line",
    },
    {
      "idx": 2,
      "type": "star",
    },
    {
      "idx": 1,
      "type": "line",
    },
    {
      "idx": 3,
      "type": "star",
    },
    {
      "idx": 2,
      "type": "line",
    },
    {
      "idx": 4,
      "type": "star",
    },
    {
      "idx": 3,
      "type": "line",
    },
    {
      "idx": 5,
      "type": "star",
    },
    {
      "idx": 4,
      "type": "line",
    },
    {
      "idx": 0,
      "type": "field",
    },
    {
      "idx": 1,
      "type": "field",
    },
    {
      "idx": 2,
      "type": "field",
    },
    {
      "idx": 3,
      "type": "field",
    },
    {
      "idx": 4,
      "type": "field",
    },
    {
      "idx": 5,
      "type": "field",
    },
    {
      "idx": 6,
      "type": "field",
    },
    {
      "idx": 7,
      "type": "field",
    },
    {
      "idx": 8,
      "type": "field",
    },
    {
      "idx": 9,
      "type": "field",
    },
    {
      "idx": 10,
      "type": "field",
    },
    {
      "idx": 11,
      "type": "field",
    },
    {
      "idx": 12,
      "type": "field",
    },
    {
      "idx": 13,
      "type": "field",
    },
    {
      "idx": 14,
      "type": "field",
    },
    {
      "idx": 15,
      "type": "field",
    },
    {
      "idx": 16,
      "type": "field",
    },
  ],
  "trainedCount": 7,
}
`;
